[INFO] Scanning for projects...
[INFO] 
[INFO] -----------------------< com.serene:dms-backend >-----------------------
[INFO] Building Serene DMS Backend 1.0.0
[INFO]   from pom.xml
[INFO] --------------------------------[ jar ]---------------------------------
[INFO] 
[INFO] --- clean:3.3.2:clean (default-clean) @ dms-backend ---
[INFO] Deleting C:\Users\Gautam\Desktop\My\Project\DMS\backend\target
[INFO] 
[INFO] --- apt:1.1.3:process (default) @ dms-backend ---
[INFO] 
[INFO] --- resources:3.3.1:resources (default-resources) @ dms-backend ---
[INFO] Copying 1 resource from src\main\resources to target\classes
[INFO] Copying 4 resources from src\main\resources to target\classes
[INFO] 
[INFO] --- compiler:3.13.0:compile (default-compile) @ dms-backend ---
[INFO] Recompiling the module because of changed source code.
[INFO] Compiling 64 source files with javac [debug parameters release 21] to target\classes
[INFO] -------------------------------------------------------------
[ERROR] COMPILATION ERROR : 
[INFO] -------------------------------------------------------------
[ERROR] /C:/Users/Gautam/Desktop/My/Project/DMS/backend/src/main/java/com/serene/dms/config/SecurityConfig.java:[37,43] variable jwtAuthFilter not initialized in the default constructor
[ERROR] /C:/Users/Gautam/Desktop/My/Project/DMS/backend/src/main/java/com/serene/dms/config/SecurityConfig.java:[38,42] variable userDetailsService not initialized in the default constructor
[ERROR] /C:/Users/Gautam/Desktop/My/Project/DMS/backend/src/main/java/com/serene/dms/config/SecurityConfig.java:[39,50] variable authEntryPoint not initialized in the default constructor
[ERROR] /C:/Users/Gautam/Desktop/My/Project/DMS/backend/src/main/java/com/serene/dms/security/JwtAuthenticationFilter.java:[61,17] cannot find symbol
  symbol:   variable log
  location: class com.serene.dms.security.JwtAuthenticationFilter
[ERROR] /C:/Users/Gautam/Desktop/My/Project/DMS/backend/src/main/java/com/serene/dms/security/JwtAuthenticationFilter.java:[64,13] cannot find symbol
  symbol:   variable log
  location: class com.serene.dms.security.JwtAuthenticationFilter
[ERROR] /C:/Users/Gautam/Desktop/My/Project/DMS/backend/src/main/java/com/serene/dms/security/UserDetailsServiceImpl.java:[24,31] cannot find symbol
  symbol:   method getRoles()
  location: variable user of type com.serene.dms.entity.User
[ERROR] /C:/Users/Gautam/Desktop/My/Project/DMS/backend/src/main/java/com/serene/dms/security/UserDetailsServiceImpl.java:[35,28] cannot find symbol
  symbol:   method isEnabled()
  location: variable user of type com.serene.dms.entity.User
[ERROR] /C:/Users/Gautam/Desktop/My/Project/DMS/backend/src/main/java/com/serene/dms/security/UserDetailsServiceImpl.java:[29,27] cannot find symbol
  symbol:   method getEmail()
  location: variable user of type com.serene.dms.entity.User
[ERROR] /C:/Users/Gautam/Desktop/My/Project/DMS/backend/src/main/java/com/serene/dms/security/UserDetailsServiceImpl.java:[30,27] cannot find symbol
  symbol:   method getPasswordHash()
  location: variable user of type com.serene.dms.entity.User
[ERROR] /C:/Users/Gautam/Desktop/My/Project/DMS/backend/src/main/java/com/serene/dms/security/JwtTokenProvider.java:[64,13] cannot find symbol
  symbol:   variable log
  location: class com.serene.dms.security.JwtTokenProvider
[ERROR] /C:/Users/Gautam/Desktop/My/Project/DMS/backend/src/main/java/com/serene/dms/service/AuthService.java:[39,65] cannot find symbol
  symbol:   method getEmail()
  location: variable request of type com.serene.dms.dto.request.LoginRequest
[ERROR] /C:/Users/Gautam/Desktop/My/Project/DMS/backend/src/main/java/com/serene/dms/service/AuthService.java:[42,17] cannot find symbol
  symbol:   method isAccountLocked()
  location: variable user of type com.serene.dms.entity.User
[ERROR] /C:/Users/Gautam/Desktop/My/Project/DMS/backend/src/main/java/com/serene/dms/service/AuthService.java:[43,13] cannot find symbol
  symbol:   variable log
  location: class com.serene.dms.service.AuthService
[ERROR] /C:/Users/Gautam/Desktop/My/Project/DMS/backend/src/main/java/com/serene/dms/service/AuthService.java:[43,65] cannot find symbol
  symbol:   method getEmail()
  location: variable request of type com.serene.dms.dto.request.LoginRequest
[ERROR] /C:/Users/Gautam/Desktop/My/Project/DMS/backend/src/main/java/com/serene/dms/service/AuthService.java:[49,64] cannot find symbol
  symbol:   method getEmail()
  location: variable request of type com.serene.dms.dto.request.LoginRequest
[ERROR] /C:/Users/Gautam/Desktop/My/Project/DMS/backend/src/main/java/com/serene/dms/service/AuthService.java:[49,84] cannot find symbol
  symbol:   method getPassword()
  location: variable request of type com.serene.dms.dto.request.LoginRequest
[ERROR] /C:/Users/Gautam/Desktop/My/Project/DMS/backend/src/main/java/com/serene/dms/service/AuthService.java:[51,44] Alternatives in a multi-catch statement cannot be related by subclassing
  Alternative org.springframework.security.authentication.BadCredentialsException is a subclass of alternative org.springframework.security.core.AuthenticationException
[ERROR] /C:/Users/Gautam/Desktop/My/Project/DMS/backend/src/main/java/com/serene/dms/service/AuthService.java:[58,48] cannot find symbol
  symbol:   method getEmail()
  location: variable user of type com.serene.dms.entity.User
[ERROR] /C:/Users/Gautam/Desktop/My/Project/DMS/backend/src/main/java/com/serene/dms/service/AuthService.java:[60,34] cannot find symbol
  symbol:   method getRoles()
  location: variable user of type com.serene.dms.entity.User
[ERROR] /C:/Users/Gautam/Desktop/My/Project/DMS/backend/src/main/java/com/serene/dms/service/AuthService.java:[64,60] cannot find symbol
  symbol:   method getEmail()
  location: variable user of type com.serene.dms.entity.User
[ERROR] /C:/Users/Gautam/Desktop/My/Project/DMS/backend/src/main/java/com/serene/dms/service/AuthService.java:[64,84] cannot find symbol
  symbol:   method getId()
  location: variable user of type com.serene.dms.entity.User
[ERROR] /C:/Users/Gautam/Desktop/My/Project/DMS/backend/src/main/java/com/serene/dms/service/AuthService.java:[65,68] cannot find symbol
  symbol:   method getEmail()
  location: variable user of type com.serene.dms.entity.User
[ERROR] /C:/Users/Gautam/Desktop/My/Project/DMS/backend/src/main/java/com/serene/dms/service/AuthService.java:[70,58] cannot find symbol
  symbol:   method getId()
  location: variable user of type com.serene.dms.entity.User
[ERROR] /C:/Users/Gautam/Desktop/My/Project/DMS/backend/src/main/java/com/serene/dms/service/AuthService.java:[75,9] cannot find symbol
  symbol:   variable log
  location: class com.serene.dms.service.AuthService
[ERROR] /C:/Users/Gautam/Desktop/My/Project/DMS/backend/src/main/java/com/serene/dms/service/AuthService.java:[75,59] cannot find symbol
  symbol:   method getEmail()
  location: variable user of type com.serene.dms.entity.User
[ERROR] /C:/Users/Gautam/Desktop/My/Project/DMS/backend/src/main/java/com/serene/dms/service/AuthService.java:[77,28] cannot find symbol
  symbol:   method builder()
  location: class com.serene.dms.dto.response.AuthResponse
[ERROR] /C:/Users/Gautam/Desktop/My/Project/DMS/backend/src/main/java/com/serene/dms/service/AuthService.java:[82,40] cannot find symbol
  symbol:   method builder()
  location: class com.serene.dms.dto.response.AuthResponse.UserInfo
[ERROR] /C:/Users/Gautam/Desktop/My/Project/DMS/backend/src/main/java/com/serene/dms/service/AuthService.java:[83,25] cannot find symbol
  symbol:   method getId()
  location: variable user of type com.serene.dms.entity.User
[ERROR] /C:/Users/Gautam/Desktop/My/Project/DMS/backend/src/main/java/com/serene/dms/service/AuthService.java:[84,32] cannot find symbol
  symbol:   method getFirstName()
  location: variable user of type com.serene.dms.entity.User
[ERROR] /C:/Users/Gautam/Desktop/My/Project/DMS/backend/src/main/java/com/serene/dms/service/AuthService.java:[85,31] cannot find symbol
  symbol:   method getLastName()
  location: variable user of type com.serene.dms.entity.User
[ERROR] /C:/Users/Gautam/Desktop/My/Project/DMS/backend/src/main/java/com/serene/dms/service/AuthService.java:[86,28] cannot find symbol
  symbol:   method getEmail()
  location: variable user of type com.serene.dms.entity.User
[ERROR] /C:/Users/Gautam/Desktop/My/Project/DMS/backend/src/main/java/com/serene/dms/service/AuthService.java:[87,28] cannot find symbol
  symbol:   method getPhone()
  location: variable user of type com.serene.dms.entity.User
[ERROR] /C:/Users/Gautam/Desktop/My/Project/DMS/backend/src/main/java/com/serene/dms/service/AuthService.java:[95,52] cannot find symbol
  symbol:   method getEmail()
  location: variable user of type com.serene.dms.entity.User
[ERROR] /C:/Users/Gautam/Desktop/My/Project/DMS/backend/src/main/java/com/serene/dms/service/AuthService.java:[96,31] cannot find symbol
  symbol:   method getFailedAttempts()
  location: variable user of type com.serene.dms.entity.User
[ERROR] /C:/Users/Gautam/Desktop/My/Project/DMS/backend/src/main/java/com/serene/dms/service/AuthService.java:[98,44] cannot find symbol
  symbol:   method getEmail()
  location: variable user of type com.serene.dms.entity.User
[ERROR] /C:/Users/Gautam/Desktop/My/Project/DMS/backend/src/main/java/com/serene/dms/service/AuthService.java:[99,13] cannot find symbol
  symbol:   variable log
  location: class com.serene.dms.service.AuthService
[ERROR] /C:/Users/Gautam/Desktop/My/Project/DMS/backend/src/main/java/com/serene/dms/service/AuthService.java:[99,92] cannot find symbol
  symbol:   method getEmail()
  location: variable user of type com.serene.dms.entity.User
[ERROR] /C:/Users/Gautam/Desktop/My/Project/DMS/backend/src/main/java/com/serene/dms/service/CustomerService.java:[27,54] cannot find symbol
  symbol:   method getDealerId()
  location: variable req of type com.serene.dms.dto.request.CreateCustomerRequest
[ERROR] /C:/Users/Gautam/Desktop/My/Project/DMS/backend/src/main/java/com/serene/dms/service/CustomerService.java:[28,67] cannot find symbol
  symbol:   method getDealerId()
  location: variable req of type com.serene.dms.dto.request.CreateCustomerRequest
[ERROR] /C:/Users/Gautam/Desktop/My/Project/DMS/backend/src/main/java/com/serene/dms/service/CustomerService.java:[30,37] cannot find symbol
  symbol:   method builder()
  location: class com.serene.dms.entity.Customer
[ERROR] /C:/Users/Gautam/Desktop/My/Project/DMS/backend/src/main/java/com/serene/dms/service/CustomerService.java:[32,27] cannot find symbol
  symbol:   method getFirstName()
  location: variable req of type com.serene.dms.dto.request.CreateCustomerRequest
[ERROR] /C:/Users/Gautam/Desktop/My/Project/DMS/backend/src/main/java/com/serene/dms/service/CustomerService.java:[33,26] cannot find symbol
  symbol:   method getLastName()
  location: variable req of type com.serene.dms.dto.request.CreateCustomerRequest
[ERROR] /C:/Users/Gautam/Desktop/My/Project/DMS/backend/src/main/java/com/serene/dms/service/CustomerService.java:[34,23] cannot find symbol
  symbol:   method getEmail()
  location: variable req of type com.serene.dms.dto.request.CreateCustomerRequest
[ERROR] /C:/Users/Gautam/Desktop/My/Project/DMS/backend/src/main/java/com/serene/dms/service/CustomerService.java:[35,23] cannot find symbol
  symbol:   method getPhone()
  location: variable req of type com.serene.dms.dto.request.CreateCustomerRequest
[ERROR] /C:/Users/Gautam/Desktop/My/Project/DMS/backend/src/main/java/com/serene/dms/service/CustomerService.java:[36,25] cannot find symbol
  symbol:   method getAddress()
  location: variable req of type com.serene.dms.dto.request.CreateCustomerRequest
[ERROR] /C:/Users/Gautam/Desktop/My/Project/DMS/backend/src/main/java/com/serene/dms/service/CustomerService.java:[37,22] cannot find symbol
  symbol:   method getCity()
  location: variable req of type com.serene.dms.dto.request.CreateCustomerRequest
[ERROR] /C:/Users/Gautam/Desktop/My/Project/DMS/backend/src/main/java/com/serene/dms/service/CustomerService.java:[38,23] cannot find symbol
  symbol:   method getState()
  location: variable req of type com.serene.dms.dto.request.CreateCustomerRequest
[ERROR] /C:/Users/Gautam/Desktop/My/Project/DMS/backend/src/main/java/com/serene/dms/service/CustomerService.java:[39,29] cannot find symbol
  symbol:   method getDateOfBirth()
  location: variable req of type com.serene.dms.dto.request.CreateCustomerRequest
[ERROR] /C:/Users/Gautam/Desktop/My/Project/DMS/backend/src/main/java/com/serene/dms/service/CustomerService.java:[40,23] cannot find symbol
  symbol:   method getNotes()
  location: variable req of type com.serene.dms.dto.request.CreateCustomerRequest
[ERROR] /C:/Users/Gautam/Desktop/My/Project/DMS/backend/src/main/java/com/serene/dms/service/CustomerService.java:[44,9] cannot find symbol
  symbol:   variable log
  location: class com.serene.dms.service.CustomerService
[ERROR] /C:/Users/Gautam/Desktop/My/Project/DMS/backend/src/main/java/com/serene/dms/service/CustomerService.java:[44,69] cannot find symbol
  symbol:   method getFirstName()
  location: variable customer of type com.serene.dms.entity.Customer
[ERROR] /C:/Users/Gautam/Desktop/My/Project/DMS/backend/src/main/java/com/serene/dms/service/CustomerService.java:[44,94] cannot find symbol
  symbol:   method getLastName()
  location: variable customer of type com.serene.dms.entity.Customer
[ERROR] /C:/Users/Gautam/Desktop/My/Project/DMS/backend/src/main/java/com/serene/dms/service/CustomerService.java:[44,116] cannot find symbol
  symbol:   method getCode()
  location: variable dealer of type com.serene.dms.entity.Dealer
[ERROR] /C:/Users/Gautam/Desktop/My/Project/DMS/backend/src/main/java/com/serene/dms/service/CustomerService.java:[71,34] cannot find symbol
  symbol:   method getFirstName()
  location: variable req of type com.serene.dms.dto.request.CreateCustomerRequest
[ERROR] /C:/Users/Gautam/Desktop/My/Project/DMS/backend/src/main/java/com/serene/dms/service/CustomerService.java:[72,33] cannot find symbol
  symbol:   method getLastName()
  location: variable req of type com.serene.dms.dto.request.CreateCustomerRequest
[ERROR] /C:/Users/Gautam/Desktop/My/Project/DMS/backend/src/main/java/com/serene/dms/service/CustomerService.java:[73,30] cannot find symbol
  symbol:   method getEmail()
  location: variable req of type com.serene.dms.dto.request.CreateCustomerRequest
[ERROR] /C:/Users/Gautam/Desktop/My/Project/DMS/backend/src/main/java/com/serene/dms/service/CustomerService.java:[74,30] cannot find symbol
  symbol:   method getPhone()
  location: variable req of type com.serene.dms.dto.request.CreateCustomerRequest
[ERROR] /C:/Users/Gautam/Desktop/My/Project/DMS/backend/src/main/java/com/serene/dms/service/CustomerService.java:[75,32] cannot find symbol
  symbol:   method getAddress()
  location: variable req of type com.serene.dms.dto.request.CreateCustomerRequest
[ERROR] /C:/Users/Gautam/Desktop/My/Project/DMS/backend/src/main/java/com/serene/dms/service/CustomerService.java:[76,29] cannot find symbol
  symbol:   method getCity()
  location: variable req of type com.serene.dms.dto.request.CreateCustomerRequest
[ERROR] /C:/Users/Gautam/Desktop/My/Project/DMS/backend/src/main/java/com/serene/dms/service/CustomerService.java:[77,30] cannot find symbol
  symbol:   method getState()
  location: variable req of type com.serene.dms.dto.request.CreateCustomerRequest
[ERROR] /C:/Users/Gautam/Desktop/My/Project/DMS/backend/src/main/java/com/serene/dms/service/CustomerService.java:[78,36] cannot find symbol
  symbol:   method getDateOfBirth()
  location: variable req of type com.serene.dms.dto.request.CreateCustomerRequest
[ERROR] /C:/Users/Gautam/Desktop/My/Project/DMS/backend/src/main/java/com/serene/dms/service/CustomerService.java:[79,30] cannot find symbol
  symbol:   method getNotes()
  location: variable req of type com.serene.dms.dto.request.CreateCustomerRequest
[ERROR] /C:/Users/Gautam/Desktop/My/Project/DMS/backend/src/main/java/com/serene/dms/service/CustomerService.java:[91,32] cannot find symbol
  symbol:   method builder()
  location: class com.serene.dms.dto.response.CustomerResponse
[ERROR] /C:/Users/Gautam/Desktop/My/Project/DMS/backend/src/main/java/com/serene/dms/service/CustomerService.java:[92,18] cannot find symbol
  symbol:   method getId()
  location: variable c of type com.serene.dms.entity.Customer
[ERROR] /C:/Users/Gautam/Desktop/My/Project/DMS/backend/src/main/java/com/serene/dms/service/CustomerService.java:[93,24] cannot find symbol
  symbol:   method getDealer()
  location: variable c of type com.serene.dms.entity.Customer
[ERROR] /C:/Users/Gautam/Desktop/My/Project/DMS/backend/src/main/java/com/serene/dms/service/CustomerService.java:[94,26] cannot find symbol
  symbol:   method getDealer()
  location: variable c of type com.serene.dms.entity.Customer
[ERROR] /C:/Users/Gautam/Desktop/My/Project/DMS/backend/src/main/java/com/serene/dms/service/CustomerService.java:[95,25] cannot find symbol
  symbol:   method getFirstName()
  location: variable c of type com.serene.dms.entity.Customer
[ERROR] /C:/Users/Gautam/Desktop/My/Project/DMS/backend/src/main/java/com/serene/dms/service/CustomerService.java:[96,24] cannot find symbol
  symbol:   method getLastName()
  location: variable c of type com.serene.dms.entity.Customer
[ERROR] /C:/Users/Gautam/Desktop/My/Project/DMS/backend/src/main/java/com/serene/dms/service/CustomerService.java:[97,21] cannot find symbol
  symbol:   method getEmail()
  location: variable c of type com.serene.dms.entity.Customer
[ERROR] /C:/Users/Gautam/Desktop/My/Project/DMS/backend/src/main/java/com/serene/dms/service/CustomerService.java:[98,21] cannot find symbol
  symbol:   method getPhone()
  location: variable c of type com.serene.dms.entity.Customer
[ERROR] /C:/Users/Gautam/Desktop/My/Project/DMS/backend/src/main/java/com/serene/dms/service/CustomerService.java:[99,23] cannot find symbol
  symbol:   method getAddress()
  location: variable c of type com.serene.dms.entity.Customer
[ERROR] /C:/Users/Gautam/Desktop/My/Project/DMS/backend/src/main/java/com/serene/dms/service/CustomerService.java:[100,20] cannot find symbol
  symbol:   method getCity()
  location: variable c of type com.serene.dms.entity.Customer
[ERROR] /C:/Users/Gautam/Desktop/My/Project/DMS/backend/src/main/java/com/serene/dms/service/CustomerService.java:[101,21] cannot find symbol
  symbol:   method getState()
  location: variable c of type com.serene.dms.entity.Customer
[ERROR] /C:/Users/Gautam/Desktop/My/Project/DMS/backend/src/main/java/com/serene/dms/service/CustomerService.java:[102,27] cannot find symbol
  symbol:   method getDateOfBirth()
  location: variable c of type com.serene.dms.entity.Customer
[ERROR] /C:/Users/Gautam/Desktop/My/Project/DMS/backend/src/main/java/com/serene/dms/service/CustomerService.java:[103,22] cannot find symbol
  symbol:   method getStatus()
  location: variable c of type com.serene.dms.entity.Customer
[ERROR] /C:/Users/Gautam/Desktop/My/Project/DMS/backend/src/main/java/com/serene/dms/service/CustomerService.java:[104,21] cannot find symbol
  symbol:   method getNotes()
  location: variable c of type com.serene.dms.entity.Customer
[ERROR] /C:/Users/Gautam/Desktop/My/Project/DMS/backend/src/main/java/com/serene/dms/service/CustomerService.java:[105,25] cannot find symbol
  symbol:   method getCreatedAt()
  location: variable c of type com.serene.dms.entity.Customer
[ERROR] /C:/Users/Gautam/Desktop/My/Project/DMS/backend/src/main/java/com/serene/dms/service/DashboardService.java:[33,38] cannot find symbol
  symbol:   method builder()
  location: class com.serene.dms.dto.response.DashboardStatsResponse
[ERROR] /C:/Users/Gautam/Desktop/My/Project/DMS/backend/src/main/java/com/serene/dms/service/DashboardService.java:[55,38] cannot find symbol
  symbol:   method builder()
  location: class com.serene.dms.dto.response.DashboardStatsResponse
[ERROR] /C:/Users/Gautam/Desktop/My/Project/DMS/backend/src/main/java/com/serene/dms/service/DealerService.java:[31,46] cannot find symbol
  symbol:   method getCode()
  location: variable req of type com.serene.dms.dto.request.CreateDealerRequest
[ERROR] /C:/Users/Gautam/Desktop/My/Project/DMS/backend/src/main/java/com/serene/dms/service/DealerService.java:[32,77] cannot find symbol
  symbol:   method getCode()
  location: variable req of type com.serene.dms.dto.request.CreateDealerRequest
[ERROR] /C:/Users/Gautam/Desktop/My/Project/DMS/backend/src/main/java/com/serene/dms/service/DealerService.java:[36,16] cannot find symbol
  symbol:   method getUserId()
  location: variable req of type com.serene.dms.dto.request.CreateDealerRequest
[ERROR] /C:/Users/Gautam/Desktop/My/Project/DMS/backend/src/main/java/com/serene/dms/service/DealerService.java:[37,48] cannot find symbol
  symbol:   method getUserId()
  location: variable req of type com.serene.dms.dto.request.CreateDealerRequest
[ERROR] /C:/Users/Gautam/Desktop/My/Project/DMS/backend/src/main/java/com/serene/dms/service/DealerService.java:[38,69] cannot find symbol
  symbol:   method getUserId()
  location: variable req of type com.serene.dms.dto.request.CreateDealerRequest
[ERROR] /C:/Users/Gautam/Desktop/My/Project/DMS/backend/src/main/java/com/serene/dms/service/DealerService.java:[41,31] cannot find symbol
  symbol:   method builder()
  location: class com.serene.dms.entity.Dealer
[ERROR] /C:/Users/Gautam/Desktop/My/Project/DMS/backend/src/main/java/com/serene/dms/service/DealerService.java:[42,22] cannot find symbol
  symbol:   method getName()
  location: variable req of type com.serene.dms.dto.request.CreateDealerRequest
[ERROR] /C:/Users/Gautam/Desktop/My/Project/DMS/backend/src/main/java/com/serene/dms/service/DealerService.java:[43,22] cannot find symbol
  symbol:   method getCode()
  location: variable req of type com.serene.dms.dto.request.CreateDealerRequest
[ERROR] /C:/Users/Gautam/Desktop/My/Project/DMS/backend/src/main/java/com/serene/dms/service/DealerService.java:[44,25] cannot find symbol
  symbol:   method getAddress()
  location: variable req of type com.serene.dms.dto.request.CreateDealerRequest
[ERROR] /C:/Users/Gautam/Desktop/My/Project/DMS/backend/src/main/java/com/serene/dms/service/DealerService.java:[45,22] cannot find symbol
  symbol:   method getCity()
  location: variable req of type com.serene.dms.dto.request.CreateDealerRequest
[ERROR] /C:/Users/Gautam/Desktop/My/Project/DMS/backend/src/main/java/com/serene/dms/service/DealerService.java:[46,23] cannot find symbol
  symbol:   method getState()
  location: variable req of type com.serene.dms.dto.request.CreateDealerRequest
[ERROR] /C:/Users/Gautam/Desktop/My/Project/DMS/backend/src/main/java/com/serene/dms/service/DealerService.java:[47,23] cannot find symbol
  symbol:   method getPhone()
  location: variable req of type com.serene.dms.dto.request.CreateDealerRequest
[ERROR] /C:/Users/Gautam/Desktop/My/Project/DMS/backend/src/main/java/com/serene/dms/service/DealerService.java:[48,23] cannot find symbol
  symbol:   method getEmail()
  location: variable req of type com.serene.dms.dto.request.CreateDealerRequest
[ERROR] /C:/Users/Gautam/Desktop/My/Project/DMS/backend/src/main/java/com/serene/dms/service/DealerService.java:[53,9] cannot find symbol
  symbol:   variable log
  location: class com.serene.dms.service.DealerService
[ERROR] /C:/Users/Gautam/Desktop/My/Project/DMS/backend/src/main/java/com/serene/dms/service/DealerService.java:[53,51] cannot find symbol
  symbol:   method getName()
  location: variable dealer of type com.serene.dms.entity.Dealer
[ERROR] /C:/Users/Gautam/Desktop/My/Project/DMS/backend/src/main/java/com/serene/dms/service/DealerService.java:[53,69] cannot find symbol
  symbol:   method getCode()
  location: variable dealer of type com.serene.dms.entity.Dealer
[ERROR] /C:/Users/Gautam/Desktop/My/Project/DMS/backend/src/main/java/com/serene/dms/service/DealerService.java:[74,20] cannot find symbol
  symbol:   method getCode()
  location: variable dealer of type com.serene.dms.entity.Dealer
[ERROR] /C:/Users/Gautam/Desktop/My/Project/DMS/backend/src/main/java/com/serene/dms/service/DealerService.java:[74,41] cannot find symbol
  symbol:   method getCode()
  location: variable req of type com.serene.dms.dto.request.CreateDealerRequest
[ERROR] /C:/Users/Gautam/Desktop/My/Project/DMS/backend/src/main/java/com/serene/dms/service/DealerService.java:[74,89] cannot find symbol
  symbol:   method getCode()
  location: variable req of type com.serene.dms.dto.request.CreateDealerRequest
[ERROR] /C:/Users/Gautam/Desktop/My/Project/DMS/backend/src/main/java/com/serene/dms/service/DealerService.java:[75,77] cannot find symbol
  symbol:   method getCode()
  location: variable req of type com.serene.dms.dto.request.CreateDealerRequest
[ERROR] /C:/Users/Gautam/Desktop/My/Project/DMS/backend/src/main/java/com/serene/dms/service/DealerService.java:[78,27] cannot find symbol
  symbol:   method getName()
  location: variable req of type com.serene.dms.dto.request.CreateDealerRequest
[INFO] 100 errors 
[INFO] -------------------------------------------------------------
[INFO] ------------------------------------------------------------------------
[INFO] BUILD FAILURE
[INFO] ------------------------------------------------------------------------
[INFO] Total time:  5.866 s
[INFO] Finished at: 2026-04-04T19:33:58+05:30
[INFO] ------------------------------------------------------------------------
[ERROR] Failed to execute goal org.apache.maven.plugins:maven-compiler-plugin:3.13.0:compile (default-compile) on project dms-backend: Compilation failure: Compilation failure: 
[ERROR] /C:/Users/Gautam/Desktop/My/Project/DMS/backend/src/main/java/com/serene/dms/config/SecurityConfig.java:[37,43] variable jwtAuthFilter not initialized in the default constructor
[ERROR] /C:/Users/Gautam/Desktop/My/Project/DMS/backend/src/main/java/com/serene/dms/config/SecurityConfig.java:[38,42] variable userDetailsService not initialized in the default constructor
[ERROR] /C:/Users/Gautam/Desktop/My/Project/DMS/backend/src/main/java/com/serene/dms/config/SecurityConfig.java:[39,50] variable authEntryPoint not initialized in the default constructor
[ERROR] /C:/Users/Gautam/Desktop/My/Project/DMS/backend/src/main/java/com/serene/dms/security/JwtAuthenticationFilter.java:[61,17] cannot find symbol
[ERROR]   symbol:   variable log
[ERROR]   location: class com.serene.dms.security.JwtAuthenticationFilter
[ERROR] /C:/Users/Gautam/Desktop/My/Project/DMS/backend/src/main/java/com/serene/dms/security/JwtAuthenticationFilter.java:[64,13] cannot find symbol
[ERROR]   symbol:   variable log
[ERROR]   location: class com.serene.dms.security.JwtAuthenticationFilter
[ERROR] /C:/Users/Gautam/Desktop/My/Project/DMS/backend/src/main/java/com/serene/dms/security/UserDetailsServiceImpl.java:[24,31] cannot find symbol
[ERROR]   symbol:   method getRoles()
[ERROR]   location: variable user of type com.serene.dms.entity.User
[ERROR] /C:/Users/Gautam/Desktop/My/Project/DMS/backend/src/main/java/com/serene/dms/security/UserDetailsServiceImpl.java:[35,28] cannot find symbol
[ERROR]   symbol:   method isEnabled()
[ERROR]   location: variable user of type com.serene.dms.entity.User
[ERROR] /C:/Users/Gautam/Desktop/My/Project/DMS/backend/src/main/java/com/serene/dms/security/UserDetailsServiceImpl.java:[29,27] cannot find symbol
[ERROR]   symbol:   method getEmail()
[ERROR]   location: variable user of type com.serene.dms.entity.User
[ERROR] /C:/Users/Gautam/Desktop/My/Project/DMS/backend/src/main/java/com/serene/dms/security/UserDetailsServiceImpl.java:[30,27] cannot find symbol
[ERROR]   symbol:   method getPasswordHash()
[ERROR]   location: variable user of type com.serene.dms.entity.User
[ERROR] /C:/Users/Gautam/Desktop/My/Project/DMS/backend/src/main/java/com/serene/dms/security/JwtTokenProvider.java:[64,13] cannot find symbol
[ERROR]   symbol:   variable log
[ERROR]   location: class com.serene.dms.security.JwtTokenProvider
[ERROR] /C:/Users/Gautam/Desktop/My/Project/DMS/backend/src/main/java/com/serene/dms/service/AuthService.java:[39,65] cannot find symbol
[ERROR]   symbol:   method getEmail()
[ERROR]   location: variable request of type com.serene.dms.dto.request.LoginRequest
[ERROR] /C:/Users/Gautam/Desktop/My/Project/DMS/backend/src/main/java/com/serene/dms/service/AuthService.java:[42,17] cannot find symbol
[ERROR]   symbol:   method isAccountLocked()
[ERROR]   location: variable user of type com.serene.dms.entity.User
[ERROR] /C:/Users/Gautam/Desktop/My/Project/DMS/backend/src/main/java/com/serene/dms/service/AuthService.java:[43,13] cannot find symbol
[ERROR]   symbol:   variable log
[ERROR]   location: class com.serene.dms.service.AuthService
[ERROR] /C:/Users/Gautam/Desktop/My/Project/DMS/backend/src/main/java/com/serene/dms/service/AuthService.java:[43,65] cannot find symbol
[ERROR]   symbol:   method getEmail()
[ERROR]   location: variable request of type com.serene.dms.dto.request.LoginRequest
[ERROR] /C:/Users/Gautam/Desktop/My/Project/DMS/backend/src/main/java/com/serene/dms/service/AuthService.java:[49,64] cannot find symbol
[ERROR]   symbol:   method getEmail()
[ERROR]   location: variable request of type com.serene.dms.dto.request.LoginRequest
[ERROR] /C:/Users/Gautam/Desktop/My/Project/DMS/backend/src/main/java/com/serene/dms/service/AuthService.java:[49,84] cannot find symbol
[ERROR]   symbol:   method getPassword()
[ERROR]   location: variable request of type com.serene.dms.dto.request.LoginRequest
[ERROR] /C:/Users/Gautam/Desktop/My/Project/DMS/backend/src/main/java/com/serene/dms/service/AuthService.java:[51,44] Alternatives in a multi-catch statement cannot be related by subclassing
[ERROR]   Alternative org.springframework.security.authentication.BadCredentialsException is a subclass of alternative org.springframework.security.core.AuthenticationException
[ERROR] /C:/Users/Gautam/Desktop/My/Project/DMS/backend/src/main/java/com/serene/dms/service/AuthService.java:[58,48] cannot find symbol
[ERROR]   symbol:   method getEmail()
[ERROR]   location: variable user of type com.serene.dms.entity.User
[ERROR] /C:/Users/Gautam/Desktop/My/Project/DMS/backend/src/main/java/com/serene/dms/service/AuthService.java:[60,34] cannot find symbol
[ERROR]   symbol:   method getRoles()
[ERROR]   location: variable user of type com.serene.dms.entity.User
[ERROR] /C:/Users/Gautam/Desktop/My/Project/DMS/backend/src/main/java/com/serene/dms/service/AuthService.java:[64,60] cannot find symbol
[ERROR]   symbol:   method getEmail()
[ERROR]   location: variable user of type com.serene.dms.entity.User
[ERROR] /C:/Users/Gautam/Desktop/My/Project/DMS/backend/src/main/java/com/serene/dms/service/AuthService.java:[64,84] cannot find symbol
[ERROR]   symbol:   method getId()
[ERROR]   location: variable user of type com.serene.dms.entity.User
[ERROR] /C:/Users/Gautam/Desktop/My/Project/DMS/backend/src/main/java/com/serene/dms/service/AuthService.java:[65,68] cannot find symbol
[ERROR]   symbol:   method getEmail()
[ERROR]   location: variable user of type com.serene.dms.entity.User
[ERROR] /C:/Users/Gautam/Desktop/My/Project/DMS/backend/src/main/java/com/serene/dms/service/AuthService.java:[70,58] cannot find symbol
[ERROR]   symbol:   method getId()
[ERROR]   location: variable user of type com.serene.dms.entity.User
[ERROR] /C:/Users/Gautam/Desktop/My/Project/DMS/backend/src/main/java/com/serene/dms/service/AuthService.java:[75,9] cannot find symbol
[ERROR]   symbol:   variable log
[ERROR]   location: class com.serene.dms.service.AuthService
[ERROR] /C:/Users/Gautam/Desktop/My/Project/DMS/backend/src/main/java/com/serene/dms/service/AuthService.java:[75,59] cannot find symbol
[ERROR]   symbol:   method getEmail()
[ERROR]   location: variable user of type com.serene.dms.entity.User
[ERROR] /C:/Users/Gautam/Desktop/My/Project/DMS/backend/src/main/java/com/serene/dms/service/AuthService.java:[77,28] cannot find symbol
[ERROR]   symbol:   method builder()
[ERROR]   location: class com.serene.dms.dto.response.AuthResponse
[ERROR] /C:/Users/Gautam/Desktop/My/Project/DMS/backend/src/main/java/com/serene/dms/service/AuthService.java:[82,40] cannot find symbol
[ERROR]   symbol:   method builder()
[ERROR]   location: class com.serene.dms.dto.response.AuthResponse.UserInfo
[ERROR] /C:/Users/Gautam/Desktop/My/Project/DMS/backend/src/main/java/com/serene/dms/service/AuthService.java:[83,25] cannot find symbol
[ERROR]   symbol:   method getId()
[ERROR]   location: variable user of type com.serene.dms.entity.User
[ERROR] /C:/Users/Gautam/Desktop/My/Project/DMS/backend/src/main/java/com/serene/dms/service/AuthService.java:[84,32] cannot find symbol
[ERROR]   symbol:   method getFirstName()
[ERROR]   location: variable user of type com.serene.dms.entity.User
[ERROR] /C:/Users/Gautam/Desktop/My/Project/DMS/backend/src/main/java/com/serene/dms/service/AuthService.java:[85,31] cannot find symbol
[ERROR]   symbol:   method getLastName()
[ERROR]   location: variable user of type com.serene.dms.entity.User
[ERROR] /C:/Users/Gautam/Desktop/My/Project/DMS/backend/src/main/java/com/serene/dms/service/AuthService.java:[86,28] cannot find symbol
[ERROR]   symbol:   method getEmail()
[ERROR]   location: variable user of type com.serene.dms.entity.User
[ERROR] /C:/Users/Gautam/Desktop/My/Project/DMS/backend/src/main/java/com/serene/dms/service/AuthService.java:[87,28] cannot find symbol
[ERROR]   symbol:   method getPhone()
[ERROR]   location: variable user of type com.serene.dms.entity.User
[ERROR] /C:/Users/Gautam/Desktop/My/Project/DMS/backend/src/main/java/com/serene/dms/service/AuthService.java:[95,52] cannot find symbol
[ERROR]   symbol:   method getEmail()
[ERROR]   location: variable user of type com.serene.dms.entity.User
[ERROR] /C:/Users/Gautam/Desktop/My/Project/DMS/backend/src/main/java/com/serene/dms/service/AuthService.java:[96,31] cannot find symbol
[ERROR]   symbol:   method getFailedAttempts()
[ERROR]   location: variable user of type com.serene.dms.entity.User
[ERROR] /C:/Users/Gautam/Desktop/My/Project/DMS/backend/src/main/java/com/serene/dms/service/AuthService.java:[98,44] cannot find symbol
[ERROR]   symbol:   method getEmail()
[ERROR]   location: variable user of type com.serene.dms.entity.User
[ERROR] /C:/Users/Gautam/Desktop/My/Project/DMS/backend/src/main/java/com/serene/dms/service/AuthService.java:[99,13] cannot find symbol
[ERROR]   symbol:   variable log
[ERROR]   location: class com.serene.dms.service.AuthService
[ERROR] /C:/Users/Gautam/Desktop/My/Project/DMS/backend/src/main/java/com/serene/dms/service/AuthService.java:[99,92] cannot find symbol
[ERROR]   symbol:   method getEmail()
[ERROR]   location: variable user of type com.serene.dms.entity.User
[ERROR] /C:/Users/Gautam/Desktop/My/Project/DMS/backend/src/main/java/com/serene/dms/service/CustomerService.java:[27,54] cannot find symbol
[ERROR]   symbol:   method getDealerId()
[ERROR]   location: variable req of type com.serene.dms.dto.request.CreateCustomerRequest
[ERROR] /C:/Users/Gautam/Desktop/My/Project/DMS/backend/src/main/java/com/serene/dms/service/CustomerService.java:[28,67] cannot find symbol
[ERROR]   symbol:   method getDealerId()
[ERROR]   location: variable req of type com.serene.dms.dto.request.CreateCustomerRequest
[ERROR] /C:/Users/Gautam/Desktop/My/Project/DMS/backend/src/main/java/com/serene/dms/service/CustomerService.java:[30,37] cannot find symbol
[ERROR]   symbol:   method builder()
[ERROR]   location: class com.serene.dms.entity.Customer
[ERROR] /C:/Users/Gautam/Desktop/My/Project/DMS/backend/src/main/java/com/serene/dms/service/CustomerService.java:[32,27] cannot find symbol
[ERROR]   symbol:   method getFirstName()
[ERROR]   location: variable req of type com.serene.dms.dto.request.CreateCustomerRequest
[ERROR] /C:/Users/Gautam/Desktop/My/Project/DMS/backend/src/main/java/com/serene/dms/service/CustomerService.java:[33,26] cannot find symbol
[ERROR]   symbol:   method getLastName()
[ERROR]   location: variable req of type com.serene.dms.dto.request.CreateCustomerRequest
[ERROR] /C:/Users/Gautam/Desktop/My/Project/DMS/backend/src/main/java/com/serene/dms/service/CustomerService.java:[34,23] cannot find symbol
[ERROR]   symbol:   method getEmail()
[ERROR]   location: variable req of type com.serene.dms.dto.request.CreateCustomerRequest
[ERROR] /C:/Users/Gautam/Desktop/My/Project/DMS/backend/src/main/java/com/serene/dms/service/CustomerService.java:[35,23] cannot find symbol
[ERROR]   symbol:   method getPhone()
[ERROR]   location: variable req of type com.serene.dms.dto.request.CreateCustomerRequest
[ERROR] /C:/Users/Gautam/Desktop/My/Project/DMS/backend/src/main/java/com/serene/dms/service/CustomerService.java:[36,25] cannot find symbol
[ERROR]   symbol:   method getAddress()
[ERROR]   location: variable req of type com.serene.dms.dto.request.CreateCustomerRequest
[ERROR] /C:/Users/Gautam/Desktop/My/Project/DMS/backend/src/main/java/com/serene/dms/service/CustomerService.java:[37,22] cannot find symbol
[ERROR]   symbol:   method getCity()
[ERROR]   location: variable req of type com.serene.dms.dto.request.CreateCustomerRequest
[ERROR] /C:/Users/Gautam/Desktop/My/Project/DMS/backend/src/main/java/com/serene/dms/service/CustomerService.java:[38,23] cannot find symbol
[ERROR]   symbol:   method getState()
[ERROR]   location: variable req of type com.serene.dms.dto.request.CreateCustomerRequest
[ERROR] /C:/Users/Gautam/Desktop/My/Project/DMS/backend/src/main/java/com/serene/dms/service/CustomerService.java:[39,29] cannot find symbol
[ERROR]   symbol:   method getDateOfBirth()
[ERROR]   location: variable req of type com.serene.dms.dto.request.CreateCustomerRequest
[ERROR] /C:/Users/Gautam/Desktop/My/Project/DMS/backend/src/main/java/com/serene/dms/service/CustomerService.java:[40,23] cannot find symbol
[ERROR]   symbol:   method getNotes()
[ERROR]   location: variable req of type com.serene.dms.dto.request.CreateCustomerRequest
[ERROR] /C:/Users/Gautam/Desktop/My/Project/DMS/backend/src/main/java/com/serene/dms/service/CustomerService.java:[44,9] cannot find symbol
[ERROR]   symbol:   variable log
[ERROR]   location: class com.serene.dms.service.CustomerService
[ERROR] /C:/Users/Gautam/Desktop/My/Project/DMS/backend/src/main/java/com/serene/dms/service/CustomerService.java:[44,69] cannot find symbol
[ERROR]   symbol:   method getFirstName()
[ERROR]   location: variable customer of type com.serene.dms.entity.Customer
[ERROR] /C:/Users/Gautam/Desktop/My/Project/DMS/backend/src/main/java/com/serene/dms/service/CustomerService.java:[44,94] cannot find symbol
[ERROR]   symbol:   method getLastName()
[ERROR]   location: variable customer of type com.serene.dms.entity.Customer
[ERROR] /C:/Users/Gautam/Desktop/My/Project/DMS/backend/src/main/java/com/serene/dms/service/CustomerService.java:[44,116] cannot find symbol
[ERROR]   symbol:   method getCode()
[ERROR]   location: variable dealer of type com.serene.dms.entity.Dealer
[ERROR] /C:/Users/Gautam/Desktop/My/Project/DMS/backend/src/main/java/com/serene/dms/service/CustomerService.java:[71,34] cannot find symbol
[ERROR]   symbol:   method getFirstName()
[ERROR]   location: variable req of type com.serene.dms.dto.request.CreateCustomerRequest
[ERROR] /C:/Users/Gautam/Desktop/My/Project/DMS/backend/src/main/java/com/serene/dms/service/CustomerService.java:[72,33] cannot find symbol
[ERROR]   symbol:   method getLastName()
[ERROR]   location: variable req of type com.serene.dms.dto.request.CreateCustomerRequest
[ERROR] /C:/Users/Gautam/Desktop/My/Project/DMS/backend/src/main/java/com/serene/dms/service/CustomerService.java:[73,30] cannot find symbol
[ERROR]   symbol:   method getEmail()
[ERROR]   location: variable req of type com.serene.dms.dto.request.CreateCustomerRequest
[ERROR] /C:/Users/Gautam/Desktop/My/Project/DMS/backend/src/main/java/com/serene/dms/service/CustomerService.java:[74,30] cannot find symbol
[ERROR]   symbol:   method getPhone()
[ERROR]   location: variable req of type com.serene.dms.dto.request.CreateCustomerRequest
[ERROR] /C:/Users/Gautam/Desktop/My/Project/DMS/backend/src/main/java/com/serene/dms/service/CustomerService.java:[75,32] cannot find symbol
[ERROR]   symbol:   method getAddress()
[ERROR]   location: variable req of type com.serene.dms.dto.request.CreateCustomerRequest
[ERROR] /C:/Users/Gautam/Desktop/My/Project/DMS/backend/src/main/java/com/serene/dms/service/CustomerService.java:[76,29] cannot find symbol
[ERROR]   symbol:   method getCity()
[ERROR]   location: variable req of type com.serene.dms.dto.request.CreateCustomerRequest
[ERROR] /C:/Users/Gautam/Desktop/My/Project/DMS/backend/src/main/java/com/serene/dms/service/CustomerService.java:[77,30] cannot find symbol
[ERROR]   symbol:   method getState()
[ERROR]   location: variable req of type com.serene.dms.dto.request.CreateCustomerRequest
[ERROR] /C:/Users/Gautam/Desktop/My/Project/DMS/backend/src/main/java/com/serene/dms/service/CustomerService.java:[78,36] cannot find symbol
[ERROR]   symbol:   method getDateOfBirth()
[ERROR]   location: variable req of type com.serene.dms.dto.request.CreateCustomerRequest
[ERROR] /C:/Users/Gautam/Desktop/My/Project/DMS/backend/src/main/java/com/serene/dms/service/CustomerService.java:[79,30] cannot find symbol
[ERROR]   symbol:   method getNotes()
[ERROR]   location: variable req of type com.serene.dms.dto.request.CreateCustomerRequest
[ERROR] /C:/Users/Gautam/Desktop/My/Project/DMS/backend/src/main/java/com/serene/dms/service/CustomerService.java:[91,32] cannot find symbol
[ERROR]   symbol:   method builder()
[ERROR]   location: class com.serene.dms.dto.response.CustomerResponse
[ERROR] /C:/Users/Gautam/Desktop/My/Project/DMS/backend/src/main/java/com/serene/dms/service/CustomerService.java:[92,18] cannot find symbol
[ERROR]   symbol:   method getId()
[ERROR]   location: variable c of type com.serene.dms.entity.Customer
[ERROR] /C:/Users/Gautam/Desktop/My/Project/DMS/backend/src/main/java/com/serene/dms/service/CustomerService.java:[93,24] cannot find symbol
[ERROR]   symbol:   method getDealer()
[ERROR]   location: variable c of type com.serene.dms.entity.Customer
[ERROR] /C:/Users/Gautam/Desktop/My/Project/DMS/backend/src/main/java/com/serene/dms/service/CustomerService.java:[94,26] cannot find symbol
[ERROR]   symbol:   method getDealer()
[ERROR]   location: variable c of type com.serene.dms.entity.Customer
[ERROR] /C:/Users/Gautam/Desktop/My/Project/DMS/backend/src/main/java/com/serene/dms/service/CustomerService.java:[95,25] cannot find symbol
[ERROR]   symbol:   method getFirstName()
[ERROR]   location: variable c of type com.serene.dms.entity.Customer
[ERROR] /C:/Users/Gautam/Desktop/My/Project/DMS/backend/src/main/java/com/serene/dms/service/CustomerService.java:[96,24] cannot find symbol
[ERROR]   symbol:   method getLastName()
[ERROR]   location: variable c of type com.serene.dms.entity.Customer
[ERROR] /C:/Users/Gautam/Desktop/My/Project/DMS/backend/src/main/java/com/serene/dms/service/CustomerService.java:[97,21] cannot find symbol
[ERROR]   symbol:   method getEmail()
[ERROR]   location: variable c of type com.serene.dms.entity.Customer
[ERROR] /C:/Users/Gautam/Desktop/My/Project/DMS/backend/src/main/java/com/serene/dms/service/CustomerService.java:[98,21] cannot find symbol
[ERROR]   symbol:   method getPhone()
[ERROR]   location: variable c of type com.serene.dms.entity.Customer
[ERROR] /C:/Users/Gautam/Desktop/My/Project/DMS/backend/src/main/java/com/serene/dms/service/CustomerService.java:[99,23] cannot find symbol
[ERROR]   symbol:   method getAddress()
[ERROR]   location: variable c of type com.serene.dms.entity.Customer
[ERROR] /C:/Users/Gautam/Desktop/My/Project/DMS/backend/src/main/java/com/serene/dms/service/CustomerService.java:[100,20] cannot find symbol
[ERROR]   symbol:   method getCity()
[ERROR]   location: variable c of type com.serene.dms.entity.Customer
[ERROR] /C:/Users/Gautam/Desktop/My/Project/DMS/backend/src/main/java/com/serene/dms/service/CustomerService.java:[101,21] cannot find symbol
[ERROR]   symbol:   method getState()
[ERROR]   location: variable c of type com.serene.dms.entity.Customer
[ERROR] /C:/Users/Gautam/Desktop/My/Project/DMS/backend/src/main/java/com/serene/dms/service/CustomerService.java:[102,27] cannot find symbol
[ERROR]   symbol:   method getDateOfBirth()
[ERROR]   location: variable c of type com.serene.dms.entity.Customer
[ERROR] /C:/Users/Gautam/Desktop/My/Project/DMS/backend/src/main/java/com/serene/dms/service/CustomerService.java:[103,22] cannot find symbol
[ERROR]   symbol:   method getStatus()
[ERROR]   location: variable c of type com.serene.dms.entity.Customer
[ERROR] /C:/Users/Gautam/Desktop/My/Project/DMS/backend/src/main/java/com/serene/dms/service/CustomerService.java:[104,21] cannot find symbol
[ERROR]   symbol:   method getNotes()
[ERROR]   location: variable c of type com.serene.dms.entity.Customer
[ERROR] /C:/Users/Gautam/Desktop/My/Project/DMS/backend/src/main/java/com/serene/dms/service/CustomerService.java:[105,25] cannot find symbol
[ERROR]   symbol:   method getCreatedAt()
[ERROR]   location: variable c of type com.serene.dms.entity.Customer
[ERROR] /C:/Users/Gautam/Desktop/My/Project/DMS/backend/src/main/java/com/serene/dms/service/DashboardService.java:[33,38] cannot find symbol
[ERROR]   symbol:   method builder()
[ERROR]   location: class com.serene.dms.dto.response.DashboardStatsResponse
[ERROR] /C:/Users/Gautam/Desktop/My/Project/DMS/backend/src/main/java/com/serene/dms/service/DashboardService.java:[55,38] cannot find symbol
[ERROR]   symbol:   method builder()
[ERROR]   location: class com.serene.dms.dto.response.DashboardStatsResponse
[ERROR] /C:/Users/Gautam/Desktop/My/Project/DMS/backend/src/main/java/com/serene/dms/service/DealerService.java:[31,46] cannot find symbol
[ERROR]   symbol:   method getCode()
[ERROR]   location: variable req of type com.serene.dms.dto.request.CreateDealerRequest
[ERROR] /C:/Users/Gautam/Desktop/My/Project/DMS/backend/src/main/java/com/serene/dms/service/DealerService.java:[32,77] cannot find symbol
[ERROR]   symbol:   method getCode()
[ERROR]   location: variable req of type com.serene.dms.dto.request.CreateDealerRequest
[ERROR] /C:/Users/Gautam/Desktop/My/Project/DMS/backend/src/main/java/com/serene/dms/service/DealerService.java:[36,16] cannot find symbol
[ERROR]   symbol:   method getUserId()
[ERROR]   location: variable req of type com.serene.dms.dto.request.CreateDealerRequest
[ERROR] /C:/Users/Gautam/Desktop/My/Project/DMS/backend/src/main/java/com/serene/dms/service/DealerService.java:[37,48] cannot find symbol
[ERROR]   symbol:   method getUserId()
[ERROR]   location: variable req of type com.serene.dms.dto.request.CreateDealerRequest
[ERROR] /C:/Users/Gautam/Desktop/My/Project/DMS/backend/src/main/java/com/serene/dms/service/DealerService.java:[38,69] cannot find symbol
[ERROR]   symbol:   method getUserId()
[ERROR]   location: variable req of type com.serene.dms.dto.request.CreateDealerRequest
[ERROR] /C:/Users/Gautam/Desktop/My/Project/DMS/backend/src/main/java/com/serene/dms/service/DealerService.java:[41,31] cannot find symbol
[ERROR]   symbol:   method builder()
[ERROR]   location: class com.serene.dms.entity.Dealer
[ERROR] /C:/Users/Gautam/Desktop/My/Project/DMS/backend/src/main/java/com/serene/dms/service/DealerService.java:[42,22] cannot find symbol
[ERROR]   symbol:   method getName()
[ERROR]   location: variable req of type com.serene.dms.dto.request.CreateDealerRequest
[ERROR] /C:/Users/Gautam/Desktop/My/Project/DMS/backend/src/main/java/com/serene/dms/service/DealerService.java:[43,22] cannot find symbol
[ERROR]   symbol:   method getCode()
[ERROR]   location: variable req of type com.serene.dms.dto.request.CreateDealerRequest
[ERROR] /C:/Users/Gautam/Desktop/My/Project/DMS/backend/src/main/java/com/serene/dms/service/DealerService.java:[44,25] cannot find symbol
[ERROR]   symbol:   method getAddress()
[ERROR]   location: variable req of type com.serene.dms.dto.request.CreateDealerRequest
[ERROR] /C:/Users/Gautam/Desktop/My/Project/DMS/backend/src/main/java/com/serene/dms/service/DealerService.java:[45,22] cannot find symbol
[ERROR]   symbol:   method getCity()
[ERROR]   location: variable req of type com.serene.dms.dto.request.CreateDealerRequest
[ERROR] /C:/Users/Gautam/Desktop/My/Project/DMS/backend/src/main/java/com/serene/dms/service/DealerService.java:[46,23] cannot find symbol
[ERROR]   symbol:   method getState()
[ERROR]   location: variable req of type com.serene.dms.dto.request.CreateDealerRequest
[ERROR] /C:/Users/Gautam/Desktop/My/Project/DMS/backend/src/main/java/com/serene/dms/service/DealerService.java:[47,23] cannot find symbol
[ERROR]   symbol:   method getPhone()
[ERROR]   location: variable req of type com.serene.dms.dto.request.CreateDealerRequest
[ERROR] /C:/Users/Gautam/Desktop/My/Project/DMS/backend/src/main/java/com/serene/dms/service/DealerService.java:[48,23] cannot find symbol
[ERROR]   symbol:   method getEmail()
[ERROR]   location: variable req of type com.serene.dms.dto.request.CreateDealerRequest
[ERROR] /C:/Users/Gautam/Desktop/My/Project/DMS/backend/src/main/java/com/serene/dms/service/DealerService.java:[53,9] cannot find symbol
[ERROR]   symbol:   variable log
[ERROR]   location: class com.serene.dms.service.DealerService
[ERROR] /C:/Users/Gautam/Desktop/My/Project/DMS/backend/src/main/java/com/serene/dms/service/DealerService.java:[53,51] cannot find symbol
[ERROR]   symbol:   method getName()
[ERROR]   location: variable dealer of type com.serene.dms.entity.Dealer
[ERROR] /C:/Users/Gautam/Desktop/My/Project/DMS/backend/src/main/java/com/serene/dms/service/DealerService.java:[53,69] cannot find symbol
[ERROR]   symbol:   method getCode()
[ERROR]   location: variable dealer of type com.serene.dms.entity.Dealer
[ERROR] /C:/Users/Gautam/Desktop/My/Project/DMS/backend/src/main/java/com/serene/dms/service/DealerService.java:[74,20] cannot find symbol
[ERROR]   symbol:   method getCode()
[ERROR]   location: variable dealer of type com.serene.dms.entity.Dealer
[ERROR] /C:/Users/Gautam/Desktop/My/Project/DMS/backend/src/main/java/com/serene/dms/service/DealerService.java:[74,41] cannot find symbol
[ERROR]   symbol:   method getCode()
[ERROR]   location: variable req of type com.serene.dms.dto.request.CreateDealerRequest
[ERROR] /C:/Users/Gautam/Desktop/My/Project/DMS/backend/src/main/java/com/serene/dms/service/DealerService.java:[74,89] cannot find symbol
[ERROR]   symbol:   method getCode()
[ERROR]   location: variable req of type com.serene.dms.dto.request.CreateDealerRequest
[ERROR] /C:/Users/Gautam/Desktop/My/Project/DMS/backend/src/main/java/com/serene/dms/service/DealerService.java:[75,77] cannot find symbol
[ERROR]   symbol:   method getCode()
[ERROR]   location: variable req of type com.serene.dms.dto.request.CreateDealerRequest
[ERROR] /C:/Users/Gautam/Desktop/My/Project/DMS/backend/src/main/java/com/serene/dms/service/DealerService.java:[78,27] cannot find symbol
[ERROR]   symbol:   method getName()
[ERROR]   location: variable req of type com.serene.dms.dto.request.CreateDealerRequest
[ERROR] -> [Help 1]
[ERROR] 
[ERROR] To see the full stack trace of the errors, re-run Maven with the -e switch.
[ERROR] Re-run Maven using the -X switch to enable full debug logging.
[ERROR] 
[ERROR] For more information about the errors and possible solutions, please read the following articles:
[ERROR] [Help 1] http://cwiki.apache.org/confluence/display/MAVEN/MojoFailureException
